
INCA.EXE                                                        23-DEC-1988 11:24        VAX-11 Linker V04-00             Page    1

                                             +------------------------+
                                             ! Object Module Synopsis !
                                             +------------------------+

Module Name     Ident              Bytes      File                                Creation Date      Creator
-----------     -----              -----      -----                               -------------      -------
INCA            INCA                 7735 DUA1:[QPLOT.INCA.SOURCE]MAIN.OBJ;1   23-Dec-1988 11:23  VAX Pascal V3.7-254
CONVERT         CONVERT             63959 [QPLOT.INCA.SOURCE]CONVERT.OBJ;1     23-Dec-1988 10:54  VAX Pascal V3.7-254
EDIT            INCA                21830 DUA1:[QPLOT.INCA.SOURCE]EDIT.OBJ;1   23-Dec-1988 10:59  VAX Pascal V3.7-254
SCREENEDIT      INCA                11145 [QPLOT.INCA.SOURCE]SCREENEDIT.OBJ;1  23-Dec-1988 10:58  VAX Pascal V3.7-254
MISC            INCA                31190 DUA1:[QPLOT.INCA.SOURCE]MISC.OBJ;1   23-Dec-1988 11:01  VAX Pascal V3.7-254
PLOTINCA        INCA                58698 DUA1:[QPLOT.INCA.SOURCE]PLOT.OBJ;1   23-Dec-1988 11:04  VAX Pascal V3.7-254
LOCUS           INCA                20366 DUA1:[QPLOT.INCA.SOURCE]LOCUS.OBJ;1  23-Dec-1988 11:12  VAX Pascal V3.7-254
FREQR           INCA                17919 DUA1:[QPLOT.INCA.SOURCE]FREQR.OBJ;1  23-Dec-1988 11:14  VAX Pascal V3.7-254
DESCF           INCA                17755 DUA1:[QPLOT.INCA.SOURCE]DESCF.OBJ;1  23-Dec-1988 11:17  VAX Pascal V3.7-254
TIMER           INCA                21268 DUA1:[QPLOT.INCA.SOURCE]TIMER.OBJ;1  23-Dec-1988 11:20  VAX Pascal V3.7-254
UTIL            INCA                 7106 DUA1:[QPLOT.INCA.SOURCE]UTIL.OBJ;1   23-Dec-1988 10:53  VAX Pascal V3.7-254
BLOCK           INCA                 6085 DUA1:[QPLOT.INCA.SOURCE]BLOCK.OBJ;1  23-Dec-1988 10:50  VAX Pascal V3.7-254
FCNMATH         INCA                29447 DUA1:[QPLOT.INCA.SOURCE]FCN.OBJ;1    23-Dec-1988 10:43  VAX Pascal V3.7-254
FCNOPER         INCA                12119 [QPLOT.INCA.SOURCE]FCNOPER.OBJ;1     23-Dec-1988 10:45  VAX Pascal V3.7-254
FCNEVAL         INCA                 8493 [QPLOT.INCA.SOURCE]FCNEVAL.OBJ;1     23-Dec-1988 10:47  VAX Pascal V3.7-254
OLDFCN          INCA                 7470 DUA1:[QPLOT.INCA.SOURCE]OLDFCN.OBJ;1 23-Dec-1988 10:49  VAX Pascal V3.7-254
CURVE           INCA                29058 DUA1:[QPLOT.INCA.SOURCE]CURVE.OBJ;1  23-Dec-1988 10:51  VAX Pascal V3.7-254
FCNIO           INCA                16127 DUA1:[QPLOT.INCA.SOURCE]FCNIO.OBJ;1  23-Dec-1988 10:48  VAX Pascal V3.7-254
POLYMATH        INCA                 8512 [QPLOT.INCA.SOURCE]POLYMATH.OBJ;1    23-Dec-1988 10:40  VAX Pascal V3.7-254
LONGREAL        INCA                 2866 [QPLOT.INCA.SOURCE]LONGREAL.OBJ;1    23-Dec-1988 10:39  VAX Pascal V3.7-254
QZ              INCA                 4078 DUA1:[QPLOT.INCA.SOURCE]QZ.OBJ;1     23-Dec-1988 10:43  VAX Pascal V3.7-254
JENKINS         INCA                 6875 [QPLOT.INCA.SOURCE]JENKINS.OBJ;1     23-Dec-1988 10:41  VAX Pascal V3.7-254
BALGEN          01                    664 DUA1:[QPLOT.INCA.SOURCE]BALGEN.OBJ;1 23-Dec-1988 10:37  VAX FORTRAN V4.8-276
EZGVAL          01                    960 DUA1:[QPLOT.INCA.SOURCE]EZGVAL.OBJ;1 23-Dec-1988 10:37  VAX FORTRAN V4.8-276
GRADEQ          01                   1285 DUA1:[QPLOT.INCA.SOURCE]GRADEQ.OBJ;1 23-Dec-1988 10:37  VAX FORTRAN V4.8-276
QZHES           01                   1997 DUA1:[QPLOT.INCA.SOURCE]QZHES.OBJ;1  23-Dec-1988 10:37  VAX FORTRAN V4.8-276
QZIT            01                   4129 DUA1:[QPLOT.INCA.SOURCE]QZIT.OBJ;1   23-Dec-1988 10:37  VAX FORTRAN V4.8-276
QZVAL           01                   3310 DUA1:[QPLOT.INCA.SOURCE]QZVAL.OBJ;1  23-Dec-1988 10:38  VAX FORTRAN V4.8-276
REDUCE          01                   1082 DUA1:[QPLOT.INCA.SOURCE]REDUCE.OBJ;1 23-Dec-1988 10:38  VAX FORTRAN V4.8-276
SCALEG          01                   2284 DUA1:[QPLOT.INCA.SOURCE]SCALEG.OBJ;1 23-Dec-1988 10:39  VAX FORTRAN V4.8-276
COLOR           QPLOT               23481 DUA1:[QPLOT.QPLOT.SOURCE]QPLOT.OLB;1 23-Dec-1988 09:53  VAX Pascal V3.7-254
FIG             QPLOT                8169 DUA1:[QPLOT.QPLOT.SOURCE]QPLOT.OLB;1 23-Dec-1988 09:54  VAX Pascal V3.7-254
COMPLEX         QPLOT                 837 DUA1:[QPLOT.QPLOT.SOURCE]QPLOT.OLB;1 23-Dec-1988 09:54  VAX Pascal V3.7-254
MATH            QPLOT                 523 DUA1:[QPLOT.QPLOT.SOURCE]QPLOT.OLB;1 23-Dec-1988 09:53  VAX Pascal V3.7-254
IO_IMP          QPLOT               17696 DUA1:[QPLOT.QPLOT.SOURCE]QPLOT.OLB;1 23-Dec-1988 10:23  VAX Pascal V3.7-254
PLOT            QPLOT               30828 DUA1:[QPLOT.QPLOT.SOURCE]QPLOT.OLB;1 23-Dec-1988 10:24  VAX Pascal V3.7-254
STRING          QPLOT                3555 DUA1:[QPLOT.QPLOT.SOURCE]QPLOT.OLB;1 23-Dec-1988 09:52  VAX Pascal V3.7-254
IOBASE          QPLOT                9347 DUA1:[QPLOT.QPLOT.SOURCE]QPLOT.OLB;1 23-Dec-1988 10:21  VAX Pascal V3.7-254
IO              QPLOT                  39 DUA1:[QPLOT.QPLOT.SOURCE]QPLOT.OLB;1 23-Dec-1988 09:52  VAX Pascal V3.7-254
TERMIO          QPLOT                6379 DUA1:[QPLOT.QPLOT.SOURCE]QPLOT.OLB;1 23-Dec-1988 10:17  VAX Pascal V3.7-254
GENERAL         QPLOT                 749 DUA1:[QPLOT.QPLOT.SOURCE]QPLOT.OLB;1 23-Dec-1988 09:51  VAX Pascal V3.7-254
DIRECTORY       QPLOT                4033 DUA1:[QPLOT.QPLOT.SOURCE]QPLOT.OLB;1 23-Dec-1988 09:51  VAX Pascal V3.7-254
TERM_DUMB       QPLOT                3594 DUA1:[QPLOT.QPLOT.SOURCE]QPLOT.OLB;1 23-Dec-1988 10:02  VAX Pascal V3.7-254
TERM_ERGO301    QPLOT                4197 DUA1:[QPLOT.QPLOT.SOURCE]QPLOT.OLB;1 23-Dec-1988 10:03  VAX Pascal V3.7-254
TERM_NONE       QPLOT                 804 DUA1:[QPLOT.QPLOT.SOURCE]QPLOT.OLB;1 23-Dec-1988 10:04  VAX Pascal V3.7-254
TERM_PCPLOT     QPLOT                5225 DUA1:[QPLOT.QPLOT.SOURCE]QPLOT.OLB;1 23-Dec-1988 10:05  VAX Pascal V3.7-254
TERM_TEK4010    QPLOT                1356 DUA1:[QPLOT.QPLOT.SOURCE]QPLOT.OLB;1 23-Dec-1988 10:06  VAX Pascal V3.7-254
TERM_TEK4014    QPLOT                2102 DUA1:[QPLOT.QPLOT.SOURCE]QPLOT.OLB;1 23-Dec-1988 10:07  VAX Pascal V3.7-254
TERM_TEK4016    QPLOT                2205 DUA1:[QPLOT.QPLOT.SOURCE]QPLOT.OLB;1 23-Dec-1988 10:07  VAX Pascal V3.7-254

INCA.EXE                                                        23-DEC-1988 11:24        VAX-11 Linker V04-00             Page    2


Module Name     Ident              Bytes      File                                Creation Date      Creator
-----------     -----              -----      -----                               -------------      -------
TERM_TEK4105    QPLOT                6722 DUA1:[QPLOT.QPLOT.SOURCE]QPLOT.OLB;1 23-Dec-1988 10:08  VAX Pascal V3.7-254
TERM_TEK4106    QPLOT                6858 DUA1:[QPLOT.QPLOT.SOURCE]QPLOT.OLB;1 23-Dec-1988 10:09  VAX Pascal V3.7-254
TERM_TEK4107    QPLOT                3870 DUA1:[QPLOT.QPLOT.SOURCE]QPLOT.OLB;1 23-Dec-1988 10:10  VAX Pascal V3.7-254
TERM_TEK4114    QPLOT                3371 DUA1:[QPLOT.QPLOT.SOURCE]QPLOT.OLB;1 23-Dec-1988 10:10  VAX Pascal V3.7-254
TERM_VDITERM    QPLOT                4772 DUA1:[QPLOT.QPLOT.SOURCE]QPLOT.OLB;1 23-Dec-1988 10:11  VAX Pascal V3.7-254
TERM_VERSAMAC   QPLOT                3977 DUA1:[QPLOT.QPLOT.SOURCE]QPLOT.OLB;1 23-Dec-1988 10:11  VAX Pascal V3.7-254
TERM_VT100      QPLOT                9750 DUA1:[QPLOT.QPLOT.SOURCE]QPLOT.OLB;1 23-Dec-1988 10:12  VAX Pascal V3.7-254
TERM_VT125      QPLOT                3607 DUA1:[QPLOT.QPLOT.SOURCE]QPLOT.OLB;1 23-Dec-1988 10:12  VAX Pascal V3.7-254
TERM_VT240      QPLOT                2729 DUA1:[QPLOT.QPLOT.SOURCE]QPLOT.OLB;1 23-Dec-1988 10:13  VAX Pascal V3.7-254
TERM_VT241      QPLOT                4539 DUA1:[QPLOT.QPLOT.SOURCE]QPLOT.OLB;1 23-Dec-1988 10:15  VAX Pascal V3.7-254
HANDLER         QPLOT                3363 DUA1:[QPLOT.QPLOT.SOURCE]QPLOT.OLB;1 23-Dec-1988 10:19  VAX Pascal V3.7-254
HARD_TEK4510    QPLOT                6235 DUA1:[QPLOT.QPLOT.SOURCE]QPLOT.OLB;1 23-Dec-1988 09:59  VAX Pascal V3.7-254
HARDIO          QPLOT                 483 DUA1:[QPLOT.QPLOT.SOURCE]QPLOT.OLB;1 23-Dec-1988 10:00  VAX Pascal V3.7-254
HARD_BITMAP     QPLOT                 961 DUA1:[QPLOT.QPLOT.SOURCE]QPLOT.OLB;1 23-Dec-1988 09:58  VAX Pascal V3.7-254
HARD_TEK4014H   QPLOT                2948 DUA1:[QPLOT.QPLOT.SOURCE]QPLOT.OLB;1 23-Dec-1988 09:59  VAX Pascal V3.7-254
TERM_4010       QPLOT                5577 DUA1:[QPLOT.QPLOT.SOURCE]QPLOT.OLB;1 23-Dec-1988 09:56  VAX Pascal V3.7-254
TERM_REGIS      QPLOT                3800 DUA1:[QPLOT.QPLOT.SOURCE]QPLOT.OLB;1 23-Dec-1988 09:56  VAX Pascal V3.7-254
UTILITIES       QPLOT               25654 DUA1:[QPLOT.QPLOT.SOURCE]QPLOT.OLB;1 23-Dec-1988 10:21  VAX Pascal V3.7-254
TERM_VAX        QPLOT                1437 DUA1:[QPLOT.QPLOT.SOURCE]QPLOT.OLB;1 23-Dec-1988 09:55  VAX Pascal V3.7-254
STANDARD        QPLOT                1068 DUA1:[QPLOT.QPLOT.SOURCE]QPLOT.OLB;1 23-Dec-1988 09:52  VAX Pascal V3.7-254
TERM_ANSI       QPLOT                6209 DUA1:[QPLOT.QPLOT.SOURCE]QPLOT.OLB;1 23-Dec-1988 09:55  VAX Pascal V3.7-254
TERM_4100       QPLOT                5835 DUA1:[QPLOT.QPLOT.SOURCE]QPLOT.OLB;1 23-Dec-1988 09:57  VAX Pascal V3.7-254
FONT            QPLOT                5760 DUA1:[QPLOT.QPLOT.SOURCE]QPLOT.OLB;1 23-Dec-1988 09:51  VAX Pascal V3.7-254
TERM_CHAR       QPLOT                 305 DUA1:[QPLOT.QPLOT.SOURCE]QPLOT.OLB;1 23-Dec-1988 09:55  VAX Pascal V3.7-254

                                            +--------------------------+
                                            ! Program Section Synopsis !
                                            +--------------------------+

Psect Name      Module Name       Base     End           Length            Align                 Attributes
----------      -----------       ----     ---           ------            -----                 ----------
$PDATA                          00000200 00000207 00000008 (          8.) QUAD 3   PIC,USR,CON,REL,LCL,  SHR,NOEXE,  RD,NOWRT,NOVEC
                SCALEG          00000200 00000207 00000008 (          8.) QUAD 3
LIB$INITIALIZE                  00000208 0000021F 00000018 (         24.) LONG 2 NOPIC,USR,CON,REL,GBL,NOSHR,NOEXE,  RD,NOWRT,NOVEC
                EDIT            00000208 0000020B 00000004 (          4.) BYTE 0
                PLOTINCA        0000020C 0000020F 00000004 (          4.) BYTE 0
                COLOR           00000210 00000213 00000004 (          4.) BYTE 0
                FIG             00000214 00000217 00000004 (          4.) BYTE 0
                DIRECTORY       00000218 0000021B 00000004 (          4.) BYTE 0
                UTILITIES       0000021C 0000021F 00000004 (          4.) BYTE 0
$LOCAL                          00000400 0001AB5B 0001A75C (     108380.) QUAD 3   PIC,USR,CON,REL,LCL,NOSHR,NOEXE,  RD,  WRT,NOVEC
                CONVERT         00000400 000051B5 00004DB6 (      19894.) LONG 2
                EDIT            000051B8 00005692 000004DB (       1243.) LONG 2
                PLOTINCA        00005694 00008BBA 00003527 (      13607.) LONG 2
                LOCUS           00008BBC 0000A907 00001D4C (       7500.) LONG 2
                FREQR           0000A908 0000BD17 00001410 (       5136.) LONG 2
                UTIL            0000BD18 0000BD3F 00000028 (         40.) LONG 2
                FCNMATH         0000BD40 0000ED94 00003055 (      12373.) LONG 2
                FCNEVAL         0000ED98 0000EDB5 0000001E (         30.) LONG 2
                OLDFCN          0000EDB8 0000FE96 000010DF (       4319.) LONG 2
                CURVE           0000FE98 000114CB 00001634 (       5684.) LONG 2
                POLYMATH        000114CC 000114DF 00000014 (         20.) LONG 2

DUA1:[QPLOT.INCA.SOURCE]INCA.EXE;38                             23-DEC-1988 11:24        VAX-11 Linker V04-00             Page    3


Psect Name      Module Name       Base     End           Length            Align                 Attributes
----------      -----------       ----     ---           ------            -----                 ----------
$LOCAL                          00000400 0001AB5B 0001A75C (     108380.) QUAD 3   PIC,USR,CON,REL,LCL,NOSHR,NOEXE,  RD,  WRT,NOVEC 
                QZ              000114E0 00011C67 00000788 (       1928.) LONG 2
                BALGEN          00011C68 00011DA7 00000140 (        320.) LONG 2
                EZGVAL          00011DA8 00011FC3 0000021C (        540.) QUAD 3
                GRADEQ          00011FC8 000120BF 000000F8 (        248.) QUAD 3
                QZHES           000120C0 0001220F 00000150 (        336.) QUAD 3
                QZIT            00012210 0001239F 00000190 (        400.) QUAD 3
                QZVAL           000123A0 000125C7 00000228 (        552.) QUAD 3
                REDUCE          000125C8 000126BB 000000F4 (        244.) LONG 2
                SCALEG          000126C0 00012873 000001B4 (        436.) QUAD 3
                COLOR           00012874 00015BC4 00003351 (      13137.) LONG 2
                FIG             00015BC8 000179B3 00001DEC (       7660.) LONG 2
                IO_IMP          000179B4 00017AB4 00000101 (        257.) LONG 2
                PLOT            00017AB8 00017B5F 000000A8 (        168.) LONG 2
                IOBASE          00017B60 000181F4 00000695 (       1685.) LONG 2
                IO              000181F8 00018209 00000012 (         18.) LONG 2
                TERMIO          0001820C 00018213 00000008 (          8.) LONG 2
                GENERAL         00018214 00018224 00000011 (         17.) LONG 2
                DIRECTORY       00018228 00018BE1 000009BA (       2490.) LONG 2
                TERM_DUMB       00018BE4 00018BF3 00000010 (         16.) LONG 2
                TERM_NONE       00018BF4 00018C04 00000011 (         17.) LONG 2
                TERM_TEK4014    00018C05 00018C05 00000001 (          1.) BYTE 0
                TERM_TEK4016    00018C06 00018C06 00000001 (          1.) BYTE 0
                TERM_TEK4105    00018C08 00018C0F 00000008 (          8.) LONG 2
                TERM_TEK4106    00018C10 00018C1B 0000000C (         12.) LONG 2
                TERM_TEK4107    00018C1C 00018C25 0000000A (         10.) LONG 2
                TERM_TEK4114    00018C28 00018C2B 00000004 (          4.) LONG 2
                TERM_VDITERM    00018C2C 00018D30 00000105 (        261.) LONG 2
                TERM_VERSAMAC   00018D31 00018D31 00000001 (          1.) BYTE 0
                TERM_VT100      00018D34 00018FEA 000002B7 (        695.) LONG 2
                TERM_VT125      00018FEC 00018FEF 00000004 (          4.) LONG 2
                TERM_VT241      00018FF0 00018FF1 00000002 (          2.) BYTE 0
                HANDLER         00018FF4 00019073 00000080 (        128.) LONG 2
                HARD_TEK4510    00019074 000190E8 00000075 (        117.) LONG 2
                HARDIO          000190EC 000190EF 00000004 (          4.) LONG 2
                HARD_BITMAP     000190F0 0001910F 00000020 (         32.) LONG 2
                HARD_TEK4014H   00019110 00019166 00000057 (         87.) LONG 2
                TERM_4010       00019168 0001916B 00000004 (          4.) LONG 2
                TERM_REGIS      0001916C 0001927C 00000111 (        273.) LONG 2
                TERM_VAX        00019280 00019325 000000A6 (        166.) LONG 2
                STANDARD        00019328 000194DA 000001B3 (        435.) LONG 2
                FONT            000194DC 0001AB5B 00001680 (       5760.) LONG 2
$CODE                           0001AC00 000A4150 00089551 (     562513.) LONG 2   PIC,USR,CON,REL,LCL,  SHR,  EXE,  RD,NOWRT,NOVEC
                INCA            0001AC00 0001CA36 00001E37 (       7735.) LONG 2
                CONVERT         0001CA38 00027658 0000AC21 (      44065.) LONG 2
                EDIT            0002765C 0002C6C2 00005067 (      20583.) LONG 2
                SCREENEDIT      0002C6C4 0002F24C 00002B89 (      11145.) LONG 2
                MISC            0002F250 00036C25 000079D6 (      31190.) LONG 2
                PLOTINCA        00036C28 00041C46 0000B01F (      45087.) LONG 2
                LOCUS           00041C48 00044E89 00003242 (      12866.) LONG 2
                FREQR           00044E8C 0004807A 000031EF (      12783.) LONG 2
                DESCF           0004807C 0004C5D6 0000455B (      17755.) LONG 2

DUA1:[QPLOT.INCA.SOURCE]INCA.EXE;38                             23-DEC-1988 11:24        VAX-11 Linker V04-00             Page    4


Psect Name      Module Name       Base     End           Length            Align                 Attributes
----------      -----------       ----     ---           ------            -----                 ----------
$CODE                           0001AC00 000A4150 00089551 (     562513.) LONG 2   PIC,USR,CON,REL,LCL,  SHR,  EXE,  RD,NOWRT,NOVEC 
                TIMER           0004C5D8 000518EB 00005314 (      21268.) LONG 2
                UTIL            000518EC 00053485 00001B9A (       7066.) LONG 2
                BLOCK           00053488 00054C4C 000017C5 (       6085.) LONG 2
                FCNMATH         00054C50 00058F01 000042B2 (      17074.) LONG 2
                FCNOPER         00058F04 0005BE5A 00002F57 (      12119.) LONG 2
                FCNEVAL         0005BE5C 0005DF6A 0000210F (       8463.) LONG 2
                OLDFCN          0005DF6C 0005EBBA 00000C4F (       3151.) LONG 2
                CURVE           0005EBBC 00064709 00005B4E (      23374.) LONG 2
                FCNIO           0006470C 0006860A 00003EFF (      16127.) LONG 2
                POLYMATH        0006860C 0006A737 0000212C (       8492.) LONG 2
                LONGREAL        0006A738 0006B269 00000B32 (       2866.) LONG 2
                QZ              0006B26C 0006BAD1 00000866 (       2150.) LONG 2
                JENKINS         0006BAD4 0006D5AE 00001ADB (       6875.) LONG 2
                BALGEN          0006D5B0 0006D707 00000158 (        344.) LONG 2
                EZGVAL          0006D708 0006D8AB 000001A4 (        420.) LONG 2
                GRADEQ          0006D8AC 0006DCB8 0000040D (       1037.) LONG 2
                QZHES           0006DCBC 0006E338 0000067D (       1661.) LONG 2
                QZIT            0006E33C 0006F1CC 00000E91 (       3729.) LONG 2
                QZVAL           0006F1D0 0006FC95 00000AC6 (       2758.) LONG 2
                REDUCE          0006FC98 0006FFDD 00000346 (        838.) LONG 2
                SCALEG          0006FFE0 0007070F 00000730 (       1840.) LONG 2
                COLOR           00070710 00072F73 00002864 (      10340.) LONG 2
                FIG             00072F74 0007316C 000001F9 (        505.) LONG 2
                COMPLEX         00073170 000734B4 00000345 (        837.) LONG 2
                MATH            000734B8 000736C2 0000020B (        523.) LONG 2
                IO_IMP          000736C4 00077AE2 0000441F (      17439.) LONG 2
                PLOT            00077AE4 0007F2A7 000077C4 (      30660.) LONG 2
                STRING          0007F2A8 0008008A 00000DE3 (       3555.) LONG 2
                IOBASE          0008008C 00081E79 00001DEE (       7662.) LONG 2
                IO              00081E7C 00081E90 00000015 (         21.) LONG 2
                TERMIO          00081E94 00083776 000018E3 (       6371.) LONG 2
                GENERAL         00083778 00083A53 000002DC (        732.) LONG 2
                DIRECTORY       00083A54 00084056 00000603 (       1539.) LONG 2
                TERM_DUMB       00084058 00084E51 00000DFA (       3578.) LONG 2
                TERM_ERGO301    00084E54 00085EB8 00001065 (       4197.) LONG 2
                TERM_NONE       00085EBC 000861CE 00000313 (        787.) LONG 2
                TERM_PCPLOT     000861D0 00087638 00001469 (       5225.) LONG 2
                TERM_TEK4010    0008763C 00087B87 0000054C (       1356.) LONG 2
                TERM_TEK4014    00087B88 000883BC 00000835 (       2101.) LONG 2
                TERM_TEK4016    000883C0 00088C5B 0000089C (       2204.) LONG 2
                TERM_TEK4105    00088C5C 0008A695 00001A3A (       6714.) LONG 2
                TERM_TEK4106    0008A698 0008C155 00001ABE (       6846.) LONG 2
                TERM_TEK4107    0008C158 0008D06B 00000F14 (       3860.) LONG 2
                TERM_TEK4114    0008D06C 0008DD92 00000D27 (       3367.) LONG 2
                TERM_VDITERM    0008DD94 0008EF32 0000119F (       4511.) LONG 2
                TERM_VERSAMAC   0008EF34 0008FEBB 00000F88 (       3976.) LONG 2
                TERM_VT100      0008FEBC 0009221A 0000235F (       9055.) LONG 2
                TERM_VT125      0009221C 0009302E 00000E13 (       3603.) LONG 2
                TERM_VT240      00093030 00093AD8 00000AA9 (       2729.) LONG 2
                TERM_VT241      00093ADC 00094C94 000011B9 (       4537.) LONG 2
                HANDLER         00094C98 0009593A 00000CA3 (       3235.) LONG 2

DUA1:[QPLOT.INCA.SOURCE]INCA.EXE;38                             23-DEC-1988 11:24        VAX-11 Linker V04-00             Page    5


Psect Name      Module Name       Base     End           Length            Align                 Attributes
----------      -----------       ----     ---           ------            -----                 ----------
$CODE                           0001AC00 000A4150 00089551 (     562513.) LONG 2   PIC,USR,CON,REL,LCL,  SHR,  EXE,  RD,NOWRT,NOVEC 
                HARD_TEK4510    0009593C 00097121 000017E6 (       6118.) LONG 2
                HARDIO          00097124 00097302 000001DF (        479.) LONG 2
                HARD_BITMAP     00097304 000976A4 000003A1 (        929.) LONG 2
                HARD_TEK4014H   000976A8 000981D4 00000B2D (       2861.) LONG 2
                TERM_4010       000981D8 0009979C 000015C5 (       5573.) LONG 2
                TERM_REGIS      000997A0 0009A566 00000DC7 (       3527.) LONG 2
                UTILITIES       0009A568 000A0999 00006432 (      25650.) LONG 2
                TERM_VAX        000A099C 000A0E92 000004F7 (       1271.) LONG 2
                STANDARD        000A0E94 000A110C 00000279 (        633.) LONG 2
                TERM_ANSI       000A1110 000A2950 00001841 (       6209.) LONG 2
                TERM_4100       000A2954 000A401E 000016CB (       5835.) LONG 2
                TERM_CHAR       000A4020 000A4150 00000131 (        305.) LONG 2

                                                +-----------------+
                                                ! Symbols By Name !
                                                +-----------------+

Symbol                          Value       Symbol                          Value       Symbol                          Value       
------                          -----       ------                          -----       ------                          -----       
ADDDEF                          00071074-R  CLEARSCREEN                     00073B70-R  CONVERTLOWER                    00018209-R 
ADDFRAME                        00078BB0-R  CLOG                            00073258-R  COUNTZOOM                       00078B50-R 
ADDPRI                          00071000-R  CLOSEAUDIT                      000818D4-R  CPOWER                          0007346C-R 
ADDTEMPLATE                     00072F94-R  CLOSEJOURNAL                    00081B10-R  CSUB                            00073394-R 
ANGLE                           00073204-R  CLOSEPANEL                      0007680C-R  DECONVERT                       00078438-R 
ARCCOSH                         00073524-R  CMUL                            000733BC-R  DELETEJOURNAL                   00081AF8-R 
ARCSINH                         00073504-R  CNEG                            00073304-R  DESCALE                         0007F0AC-R 
BALGEN                          0006D5B0-R  COFI                            0007333C-R  DRAW                            00076954-R 
BELL                            000741DC-R  COFR                            00073354-R  DRAWBOX                         00078C6C-R 
BOXIT                           000793C8-R  COLORSETUP                      00082120-R  DRAWTO                          000769C0-R 
BROADENX                        0007850C-R  COLORSETUP_4100                 000A30D4-R  DRAW_4010                       00098628-R 
BROADENXY                       0007857C-R  COLORSETUP_DUMB                 00084144-R  DRAW_4100                       000A3844-R 
BROADENY                        00078544-R  COLORSETUP_ERGO301              00084EAC-R  DRAW_REGIS                      00099E80-R 
BUFFEREMPTY_REGIS               0009995C-R  COLORSETUP_NONE                 00085F18-R  EDITFILE                        00075B70-R 
CABSDIF                         000731D8-R  COLORSETUP_PCPLOT               000866A4-R  ENCIRCLE                        00078FF0-R 
CABSSQ                          000731B8-R  COLORSETUP_TEK4010              00087684-R  EQUOFCOLOR                      00071924-R 
CADD                            0007336C-R  COLORSETUP_TEK4014              00087C7C-R  EVALFCN                         0005C988-R 
CANDOMENU                       0007407C-R  COLORSETUP_TEK4016              000884B8-R  EXECUTECOM                      000821EC-R 
CCNJ                            00073320-R  COLORSETUP_TEK4105              000897C4-R  EXECUTECOM_DUMB                 00084294-R 
CDIV                            000733F8-R  COLORSETUP_TEK4106              0008A9EC-R  EXECUTECOM_ERGO301              0008508C-R 
CENTERGRPRINT                   00076B54-R  COLORSETUP_TEK4107              0008C244-R  EXECUTECOM_NONE                 00085F1C-R 
CEQ                             00073190-R  COLORSETUP_TEK4114              0008D10C-R  EXECUTECOM_PCPLOT               00086F74-R 
CEXP                            000732E4-R  COLORSETUP_VDITERM              0008DEB8-R  EXECUTECOM_TEK4010              000876E8-R 
CHECKCURSOR                     0007C594-R  COLORSETUP_VERSAMAC             0008F034-R  EXECUTECOM_TEK4014              00087CE0-R 
CHECKMENU                       0007B914-R  COLORSETUP_VT100                00090064-R  EXECUTECOM_TEK4016              00088540-R 
CHOFCOLOR                       000A4020-R  COLORSETUP_VT125                000922C0-R  EXECUTECOM_TEK4105              00089A10-R 
CHOFCOLOR_4010                  00098380-R  COLORSETUP_VT240                000930E0-R  EXECUTECOM_TEK4106              0008AC28-R 
CHOFCOM                         0007F380-R  COLORSETUP_VT241                00093C48-R  EXECUTECOM_TEK4107              0008C59C-R 
CINV                            00073448-R  COMMANDCOUNT                    000765CC-R  EXECUTECOM_TEK4114              0008D1F4-R 
CIRCLE                          00078CF4-R  COMMANDCREATE                   000765D8-R  EXECUTECOM_VDITERM              0008E0D4-R 
CLEARCOLOR                      0007177C-R  CONFIG_REGIS                    0009A4FC-R  EXECUTECOM_VERSAMAC             0008F194-R 
CLEARFRAME                      00078C1C-R  CONVERT                         00078324-R  EXECUTECOM_VT100                0009064C-R 

DUA1:[QPLOT.INCA.SOURCE]INCA.EXE;38                             23-DEC-1988 11:24        VAX-11 Linker V04-00             Page    6


Symbol                          Value       Symbol                          Value       Symbol                          Value       
------                          -----       ------                          -----       ------                          -----       
EXECUTECOM_VT125                000922C4-R  HARDMAKE_BITMAP                 00097370-R  QOS                             0009B51C-R 
EXECUTECOM_VT240                000930E4-R  HARDMAKE_TEK4014H               000978EC-R  QQPLOTINPUT                     0009C018-R 
EXECUTECOM_VT241                00094050-R  HARDMAKE_TEK4510                0009606C-R  QSET                            0009E358-R 
EXIST                           00083824-R  HARDNAME                        00097124-R  QVIEW                           0009BA30-R 
EXP10                           000735E0-R  HARDNAME_BITMAP                 00097340-R  QZHES                           0006DCBC-R 
EZGVAL                          0006D708-R  HARDNAME_TEK4014H               000977CC-R  QZIT                            0006E33C-R 
FACTORIAL                       000734E0-R  HARDNAME_TEK4510                00095BE4-R  QZVAL                           0006F1D0-R 
FILESEARCH                      00083CE4-R  HIT                             00078F50-R  RAISE                           000A104C-R 
FINPLOT                         00076C1C-R  HLSAOFCOLOR                     00071514-R  RAMAPIT                         0007D358-R 
FULLCOMMAND                     00075E64-R  HLSAOFRGBA                      00070E40-R  READARGUMENT                    00073EE8-R 
GETCOLOR                        00071894-R  INITPALETTE                     00072BC8-R  READBOO                         00074E80-R 
GETCOLORINDEX                   00072DD4-R  INSIDE                          00078F04-R  READCH                          000743CC-R 
GETCOLORINDEX_4100              000A2F34-R  INTERPOLATE                     00073670-R  READCOMMAND                     0007614C-R 
GETCOLORINDEX_REGIS             00099C84-R  IOFSTR                          0007FCBC-R  READCURSOR                      0007BCA4-R 
GETCURSORPOINT                  0007C00C-R  JENKINS                         0006BD10-R  READGIN                         00076C58-R 
GETDIRECTORY                    00083A94-R  LEXP10                          0006A8B4-R  READINT                         00074FF8-R 
GETFOREIGN                      00083934-R  LLOG10                          0006A854-R  READLIMITS                      000786F4-R 
GETPOSITION                     00078E88-R  LOG10                           00073590-R  READLINE                        00081A0C-R 
GILE                            000736A8-R  LPOFPOINT                       000782F8-R  READLOGICALNAME                 00074BAC-R 
GIN                             00082C1C-R  MAKEFRAME                       00078B6C-R  READLOWERVARY                   00074AD8-R 
GIN_4010                        000984F8-R  MAPIT                           0007B49C-R  READMENU                        00082FAC-R 
GIN_4100                        000A3C78-R  MENUPREP_4010                   00098AB8-R  READMENU_4010                   00098BB0-R 
GIN_DUMB                        00084908-R  MOVETO                          000768DC-R  READMENU_ANSI                   000A1920-R 
GIN_ERGO301                     00085C1C-R  NAMEFROMSTR                     0007F77C-R  READMENU_DUMB                   00084B7C-R 
GIN_NONE                        00085F7C-R  NEWLINE                         00078E00-R  READMENU_ERGO301                00085DEC-R 
GIN_PCPLOT                      000873E4-R  NGP                             0007B8A8-R  READMENU_NONE                   0008612C-R 
GIN_TEK4010                     00087A80-R  OPENAUDIT                       000817D4-R  READMENU_PCPLOT                 000874DC-R 
GIN_TEK4014                     00088168-R  OPENJOURNAL                     00081AC4-R  READMENU_TEK4010                00087AB4-R 
GIN_TEK4016                     00088A08-R  OPENPANEL                       00076710-R  READMENU_TEK4014                0008819C-R 
GIN_TEK4105                     0008A118-R  OPENSOURCEFILE                  000804DC-R  READMENU_TEK4016                00088A3C-R 
GIN_TEK4106                     0008B9AC-R  PARSE                           0007FEE0-R  READMENU_TEK4105                0008A3D4-R 
GIN_TEK4107                     0008CED8-R  PAUSE                           000740F4-R  READMENU_TEK4106                0008BA50-R 
GIN_TEK4114                     0008DBA8-R  POINTOFLP                       000782D4-R  READMENU_TEK4107                0008CFD0-R 
GIN_VDITERM                     0008EA18-R  POINTOFR                        000782B0-R  READMENU_TEK4114                0008DBF8-R 
GIN_VERSAMAC                    0008FB24-R  POPZOOM                         00078B10-R  READMENU_VDITERM                0008ECE4-R 
GIN_VT100                       00091758-R  POSITION                        00076870-R  READMENU_VERSAMAC               0008FBF0-R 
GIN_VT125                       00092628-R  POSOFSTR_REGIS                  00099FA0-R  READMENU_VT100                  00092134-R 
GIN_VT240                       000934DC-R  PURGEZOOM                       00078AB4-R  READMENU_VT125                  00092ED4-R 
GIN_VT241                       00094698-R  PUSHZOOM                        00078AE4-R  READMENU_VT240                  0009397C-R 
GOODCOLOR                       00071718-R  QABORT                          0009B0C4-R  READMENU_VT241                  00094B38-R 
GOODFILENAME                    000838AC-R  QAT                             0009BF54-R  READREAL                        000755B4-R 
GRADEQ                          0006D8AC-R  QFRAME                          0009B0D4-R  READST                          0007429C-R 
GRAPHICPAUSE                    0007C444-R  QFSET                           0009F95C-R  READSTRING                      00076CB0-R 
GRPRINT                         00076B10-R  QGENERALHELP                    0009B2A4-R  READTERM                        000827AC-R 
GRPRINTTEMPFILE                 0007915C-R  QIOWCTRLC                       000A0D74-R  READTERM_DUMB                   000845EC-R 
HANDLER                         00094F10-R  QIOWREAD                        000A0BDC-R  READTERM_ERGO301                00085A04-R 
HARDCONFIG                      00097240-R  QIOWREADNOECHO                  000A0C48-R  READTERM_NONE                   00085F48-R 
HARDCONFIG_BITMAP               000975C0-R  QIOWREADNOECHOPURGE             000A0C84-R  READTERM_PCPLOT                 0008730C-R 
HARDCONFIG_TEK4014H             00097F60-R  QIOWREADPROMPTTIMEDNOECHOPURGE  000A0CC0-R  READTERM_TEK4010                00087A40-R 
HARDCONFIG_TEK4510              00096B80-R  QIOWREADPURGE                   000A0C10-R  READTERM_TEK4014                000880E8-R 
HARDCOPY                        00078D9C-R  QIOWWRITE                       000A0B28-R  READTERM_TEK4016                000889C8-R 
HARDMAKE                        0009719C-R  QIOWWRITEVIRTUAL                000A0B84-R  READTERM_TEK4105                00089E9C-R 

DUA1:[QPLOT.INCA.SOURCE]INCA.EXE;38                             23-DEC-1988 11:24        VAX-11 Linker V04-00             Page    7


Symbol                          Value       Symbol                          Value       Symbol                          Value       
------                          -----       ------                          -----       ------                          -----       
READTERM_TEK4106                0008B1EC-R  SCREENERASE_REGIS               0009A144-R  TEMPFILE                        000181F8-R 
READTERM_TEK4107                0008CBC8-R  SCREENERASE_TEK4010             00087A68-R  TERMCONFIG                      00083624-R 
READTERM_TEK4114                0008D9F8-R  SCREENERASE_TEK4014             00088110-R  TERMCONFIG_DUMB                 00084BE8-R 
READTERM_VAX                    000A0DA4-R  SCREENERASE_TEK4016             000889F0-R  TERMCONFIG_ERGO301              00085E70-R 
READTERM_VDITERM                0008E76C-R  SCREENERASE_TEK4105             00089EC4-R  TERMCONFIG_NONE                 00086194-R 
READTERM_VERSAMAC               0008FA20-R  SCREENERASE_TEK4106             0008B214-R  TERMCONFIG_PCPLOT               00087560-R 
READTERM_VT100                  000911B8-R  SCREENERASE_TEK4107             0008CBF0-R  TERMCONFIG_TEK4010              00087B40-R 
READTERM_VT125                  000924EC-R  SCREENERASE_TEK4114             0008DA20-R  TERMCONFIG_TEK4014              00088228-R 
READTERM_VT240                  0009349C-R  SCREENERASE_VDITERM             0008E7FC-R  TERMCONFIG_TEK4016              00088AC8-R 
READTERM_VT241                  00094648-R  SCREENERASE_VERSAMAC            0008FA48-R  TERMCONFIG_TEK4105              0008A474-R 
READVARY                        0007479C-R  SCREENERASE_VT100               0009133C-R  TERMCONFIG_TEK4106              0008BAD4-R 
READYES                         00074688-R  SCREENERASE_VT125               00092514-R  TERMCONFIG_TEK4107              0008D054-R 
REDUCE                          0006FC98-R  SCREENERASE_VT240               000934C4-R  TERMCONFIG_TEK4114              0008DC84-R 
REGISTERAPPLICATION             000A0EC4-R  SCREENERASE_VT241               00094670-R  TERMCONFIG_VDITERM              0008ED78-R 
REGISTERQPLOT                   00073F14-R  SELECTHARD                      0009B390-R  TERMCONFIG_VERSAMAC             0008FC74-R 
REOPENAUDIT                     00081848-R  SELECTTERM                      0009B638-R  TERMCONFIG_VT100                000921D4-R 
REPLOT                          00078DA8-R  SETCHMARGIN                     00076AA4-R  TERMCONFIG_VT125                00092F58-R 
RESIGNAL                        00094F78-R  SETCHSIZE                       00076A38-R  TERMCONFIG_VT240                00093A00-R 
RGBAOFHLSA                      00070BE8-R  SETCOLOR                        00076688-R  TERMCONFIG_VT241                00094BBC-R 
ROFSTR                          0007FD50-R  SETCOMMAND                      00075CB4-R  TERMINAL                        0001618C-R 
SAMESCALE                       000785E8-R  SETCTRLC                        00094F88-R  TERMNAME                        00081EBC-R 
SCALE                           0007F1BC-R  SETDEFCHARSIZE                  00078C3C-R  TERMNAME_DUMB                   00084114-R 
SCALEDRAW                       00078E54-R  SETDIRECTORY                    00083BB8-R  TERMNAME_ERGO301                00084E7C-R 
SCALEG                          0006FFE0-R  SETFLAG                         000A07B0-R  TERMNAME_NONE                   00085EE8-R 
SCALEPOSITION                   00078E20-R  SETINT                          000A05A8-R  TERMNAME_PCPLOT                 0008627C-R 
SCREENCOPY                      00082AE0-R  SETREAL                         000A03A4-R  TERMNAME_TEK4010                00087654-R 
SCREENCOPY_4010                 000984B4-R  SETTERMINAL                     00080C74-R  TERMNAME_TEK4014                00087C4C-R 
SCREENCOPY_DUMB                 00084684-R  SETVARY                         000A017C-R  TERMNAME_TEK4016                00088488-R 
SCREENCOPY_ERGO301              00085C10-R  STARDRAW                        0007908C-R  TERMNAME_TEK4105                00088DD4-R 
SCREENCOPY_NONE                 00085F78-R  STARTCOMMAND                    00075D5C-R  TERMNAME_TEK4106                0008A9BC-R 
SCREENCOPY_PCPLOT               000873D8-R  STARTFILESEARCH                 00083C50-R  TERMNAME_TEK4107                0008C1D8-R 
SCREENCOPY_REGIS                0009A424-R  STARTGETCOLOR                   00071838-R  TERMNAME_TEK4114                0008D0DC-R 
SCREENCOPY_TEK4010              00087A74-R  STARTPARSE                      0007FE78-R  TERMNAME_VDITERM                0008DE14-R 
SCREENCOPY_TEK4014              0008815C-R  STRFIX                          0007F5F0-R  TERMNAME_VERSAMAC               0008F004-R 
SCREENCOPY_TEK4016              000889FC-R  STRIPBLANK                      0007F4A0-R  TERMNAME_VT100                  0008FFC0-R 
SCREENCOPY_TEK4105              0008A0BC-R  STRIPTRAIL                      0007F560-R  TERMNAME_VT125                  00092290-R 
SCREENCOPY_TEK4106              0008B3E0-R  STROFC                          00064BA0-R  TERMNAME_VT240                  000930B0-R 
SCREENCOPY_TEK4107              0008CECC-R  STROFCOLOR_4100                 000A2DFC-R  TERMNAME_VT241                  00093B98-R 
SCREENCOPY_TEK4114              0008DB4C-R  STROFCOLOR_REGIS                00099B60-R  TIMEPRINT                       00078E9C-R 
SCREENCOPY_VDITERM              0008E9BC-R  STROFHLSA_4100                  000A2C90-R  TRACE                           0007EA64-R 
SCREENCOPY_VERSAMAC             0008FB18-R  STROFHLSA_REGIS                 00099A44-R  UNREAD                          00073CF4-R 
SCREENCOPY_VT100                000913FC-R  STROFI                          0007F914-R  UPCASE                          0007F3EC-R 
SCREENCOPY_VT125                00092520-R  STROFINDEX_4100                 000A2E80-R  UPCASESTR                       0007F410-R 
SCREENCOPY_VT240                000934D0-R  STROFINDEX_REGIS                00099BD8-R  USEREVAL                        00031000-R 
SCREENCOPY_VT241                0009468C-R  STROFPOS_4010                   000982B4-R  UTILITIES                       0009D564-R 
SCREENERASE                     000829D0-R  STROFPOS_4100                   000A2B88-R  VECTORSYMBOL                    000194DC-R 
SCREENERASE_4010                00098458-R  STROFPOS_REGIS                  00099874-R  VIEWCOLORS                      000719B0-R 
SCREENERASE_ANSI                000A1258-R  STROFR                          0007F9AC-R  WAIT                            000837F0-R 
SCREENERASE_DUMB                00084614-R  STROFR2                         0007FBE0-R  WRITEENDOFJOURNALLINE           00081CA4-R 
SCREENERASE_ERGO301             00085A2C-R  STRTIME                         0007F708-R  WRITEERROR                      00095000-R 
SCREENERASE_NONE                00085F74-R  STRTRUNC                        0007F690-R  WRITEJOURNALLINE                00081D4C-R 
SCREENERASE_PCPLOT              00087334-R  SYSTEMIOINIT                    000A0A04-R  WRITEJOURNALSTRING              00081B80-R 

DUA1:[QPLOT.INCA.SOURCE]INCA.EXE;38                             23-DEC-1988 11:24        VAX-11 Linker V04-00             Page    8


Symbol                          Value       Symbol                          Value       Symbol                          Value       
------                          -----       ------                          -----       ------                          -----       
WRITELIMITS                     00078918-R  
WRITELINE                       00073B80-R  
WRITESTRING                     00073D44-R  
WRITETERM                       00082388-R  
WRITETERM_4010                  0009897C-R  
WRITETERM_4100                  000A3A1C-R  
WRITETERM_DUMB                  00084588-R  
WRITETERM_ERGO301               000858EC-R  
WRITETERM_NONE                  00085F20-R  
WRITETERM_PCPLOT                000871F0-R  
WRITETERM_TEK4010               000879DC-R  
WRITETERM_TEK4014               00088084-R  
WRITETERM_TEK4016               00088964-R  
WRITETERM_TEK4105               00089E30-R  
WRITETERM_TEK4106               0008B180-R  
WRITETERM_TEK4107               0008CB08-R  
WRITETERM_TEK4114               0008D98C-R  
WRITETERM_VDITERM               0008E4F4-R  
WRITETERM_VERSAMAC              0008F974-R  
WRITETERM_VT100                 00090DA8-R  
WRITETERM_VT125                 00092440-R  
WRITETERM_VT240                 00093340-R  
WRITETERM_VT241                 000944EC-R  
XYMAPIT                         0007A550-R  



	  Key for special characters above:
		+------------------+
		! *  - Undefined   !
		! U  - Universal   !
		! R  - Relocatable !
		! X  - External    !
		! V  - Vectored    !
		+------------------+

DUA1:[QPLOT.INCA.SOURCE]INCA.EXE;38                             23-DEC-1988 11:24        VAX-11 Linker V04-00             Page    9

                                                 +----------------+
                                                 ! Image Synopsis !
                                                 +----------------+

Virtual memory allocated:                         00000200 000A45FF 000A4400 (672768. bytes, 1314. pages)
Stack size:                                             20. pages
Image header virtual block limits:                       1.        2. (    2. blocks)
Image binary virtual block limits:                       3.     1224. ( 1222. blocks)
Image name and identification:                    INCA INCA
Number of files:                                        41.
Number of modules:                                      82.
Number of program sections:                             19.
Number of global symbols:                             1630.
Number of image sections:                               39.
User transfer address:                            0001CA2C
Debugger transfer address:                        7FFEDF68
Number of code references to shareable images:          80.
OTS transfer address - LIB$INITIALIZE:            000A4151
Image type:                                       EXECUTABLE.
Map format:                                       DEFAULT in file DUA1:[QPLOT.INCA.SOURCE]INCA.MAP;627
Estimated map length:                             147. blocks
                                              +---------------------+
                                              ! Link Run Statistics !
                                              +---------------------+

Performance Indicators                            Page Faults	CPU Time	Elapsed Time
----------------------                            -----------	--------	------------
    Command processing:                                   262	00:00:03.00	00:00:07.85
    Pass 1:                                               710	00:00:08.65	00:00:25.14
    Allocation/Relocation:                                 18	00:00:00.15	00:00:00.62
    Pass 2:                                              1386	00:00:20.46	00:00:56.84
    Map data after object module synopsis:                  7	00:00:01.31	00:00:02.78
    Symbol table output:                                    0	00:00:00.03	00:00:00.23
Total run values:                                        2383	00:00:33.60	00:01:33.46

Using a working set limited to 3812 pages and 1475 pages of data storage (excluding image)

Total number object records read (both passes):   4654
    of which 1015 were in libraries and 244 were DEBUG data records containing 59719 bytes
56928 bytes of DEBUG data were written,starting at VBN 1225 with 112 blocks allocated

Number of modules extracted explicitly             = 0
    with 45 extracted to resolve undefined symbols

178 library searches were for symbols not in the library searched

A total of 0 global symbol table records was written

LINK/NOMAP/EXE=INCA.EXE/MAP=INCA.MAP MAIN,CONVERT,EDIT,SCREENEDIT,MISC,PLOT,LOCUS,FREQR,DESCF,TIMER,UTIL,BLOCK,FCN,FCNOPER,FCNEVAL,O
LDFCN,CURVE,FCNIO,POLYMATH,LONGREAL,QZ,JENKINS,BALGEN,EZGVAL,GRADEQ,QZHES,QZIT,QZVAL,REDUCE,SCALEG,QLIBHOME:QPLOT/LIB
